[demo.themeum.com/html/triangle/1.1/index.html]
[backblue.gif]
[fade.gif]
[index.html]
[demo.themeum.com/html/triangle/1.1/css/bootstrap.min.css]
[demo.themeum.com/html/triangle/1.1/css/font-awesome.min.css]
[demo.themeum.com/html/triangle/1.1/css/animate.min.css]
[demo.themeum.com/html/triangle/1.1/css/lightbox.css]
[demo.themeum.com/html/triangle/1.1/css/main.css]
[demo.themeum.com/html/triangle/1.1/css/responsive.css]
[demo.themeum.com/html/triangle/1.1/images/ico/favicon.ico]
[demo.themeum.com/html/triangle/1.1/images/ico/apple-touch-icon-144-precomposed.png]
[demo.themeum.com/html/triangle/1.1/images/ico/apple-touch-icon-114-precomposed.png]
[demo.themeum.com/html/triangle/1.1/images/ico/apple-touch-icon-72-precomposed.png]
[demo.themeum.com/html/triangle/1.1/images/ico/apple-touch-icon-57-precomposed.png]
[demo.themeum.com/html/triangle/1.1/index-2.html]
[demo.themeum.com/html/triangle/1.1/images/logo.png]
[demo.themeum.com/html/triangle/1.1/singlecolor/index.html]
[demo.themeum.com/html/triangle/1.1/aboutus.html]
[demo.themeum.com/html/triangle/1.1/aboutus2.html]
[demo.themeum.com/html/triangle/1.1/service.html]
[demo.themeum.com/html/triangle/1.1/pricing.html]
[demo.themeum.com/html/triangle/1.1/contact.html]
[demo.themeum.com/html/triangle/1.1/contact2.html]
[demo.themeum.com/html/triangle/1.1/404.html]
[demo.themeum.com/html/triangle/1.1/coming-soon.html]
[demo.themeum.com/html/triangle/1.1/blog.html]
[demo.themeum.com/html/triangle/1.1/blogtwo.html]
[demo.themeum.com/html/triangle/1.1/blogone.html]
[demo.themeum.com/html/triangle/1.1/blogthree.html]
[demo.themeum.com/html/triangle/1.1/blogfour.html]
[demo.themeum.com/html/triangle/1.1/blogdetails.html]
[demo.themeum.com/html/triangle/1.1/portfolio.html]
[demo.themeum.com/html/triangle/1.1/portfoliofour.html]
[demo.themeum.com/html/triangle/1.1/portfolioone.html]
[demo.themeum.com/html/triangle/1.1/portfoliotwo.html]
[demo.themeum.com/html/triangle/1.1/portfoliothree.html]
[demo.themeum.com/html/triangle/1.1/portfolio-details.html]
[demo.themeum.com/html/triangle/1.1/shortcodes.html]
[demo.themeum.com/html/triangle/1.1/images/home/slider/hill.png]
[demo.themeum.com/html/triangle/1.1/images/home/slider/house.png]
[demo.themeum.com/html/triangle/1.1/images/home/slider/sun.png]
[demo.themeum.com/html/triangle/1.1/images/home/slider/birds1.png]
[demo.themeum.com/html/triangle/1.1/images/home/slider/birds2.png]
[demo.themeum.com/html/triangle/1.1/images/home/icon1.png]
[demo.themeum.com/html/triangle/1.1/images/home/icon2.png]
[demo.themeum.com/html/triangle/1.1/images/home/icon3.png]
[demo.themeum.com/html/triangle/1.1/images/home/image1.png]
[demo.themeum.com/html/triangle/1.1/images/home/image2.png]
[demo.themeum.com/html/triangle/1.1/images/home/image3.png]
[demo.themeum.com/html/triangle/1.1/images/home/clients.png]
[demo.themeum.com/html/triangle/1.1/images/home/client1.png]
[demo.themeum.com/html/triangle/1.1/images/home/client2.png]
[demo.themeum.com/html/triangle/1.1/images/home/client3.png]
[demo.themeum.com/html/triangle/1.1/images/home/client4.png]
[demo.themeum.com/html/triangle/1.1/images/home/client5.png]
[demo.themeum.com/html/triangle/1.1/images/home/client6.png]
[demo.themeum.com/html/triangle/1.1/images/home/under.png]
[demo.themeum.com/html/triangle/1.1/images/home/profile1.png]
[demo.themeum.com/html/triangle/1.1/images/home/profile2.png]
[demo.themeum.com/html/triangle/1.1/js/bootstrap.min.js]
[demo.themeum.com/html/triangle/1.1/js/lightbox.min.js]
[demo.themeum.com/html/triangle/1.1/js/jquery.js]
[demo.themeum.com/html/triangle/1.1/js/wow.min.js]
[demo.themeum.com/html/triangle/1.1/index.html]
[demo.themeum.com/html/triangle/1.1/js/main.js]
[demo.themeum.com/html/triangle/1.1/fonts/glyphicons-halflings-regular.eot]
[demo.themeum.com/html/triangle/1.1/fonts/glyphicons-halflings-regular.woff]
[demo.themeum.com/html/triangle/1.1/fonts/glyphicons-halflings-regular.ttf]
[demo.themeum.com/html/triangle/1.1/fonts/glyphicons-halflings-regulard41d.eot]
[demo.themeum.com/html/triangle/1.1/css/bootstrap.min.css]
[demo.themeum.com/html/triangle/1.1/fonts/fontawesome-webfont862f.eot]
[demo.themeum.com/html/triangle/1.1/fonts/fontawesome-webfontd41d.eot]
[demo.themeum.com/html/triangle/1.1/fonts/fontawesome-webfont862f.woff]
[demo.themeum.com/html/triangle/1.1/fonts/fontawesome-webfont862f.ttf]
[demo.themeum.com/html/triangle/1.1/css/font-awesome.min.css]
[demo.themeum.com/html/triangle/1.1/css/animate.min.css]
[demo.themeum.com/html/triangle/1.1/images/lightbox/close.png]
[demo.themeum.com/html/triangle/1.1/images/lightbox/loading.gif]
[demo.themeum.com/html/triangle/1.1/images/lightbox/prev.png]
[demo.themeum.com/html/triangle/1.1/css/lightbox.css]
[demo.themeum.com/html/triangle/1.1/images/lightbox/next.png]
[demo.themeum.com/html/triangle/1.1/images/home/footer.png]
[demo.themeum.com/html/triangle/1.1/images/home/slider-bg.png]
[demo.themeum.com/html/triangle/1.1/images/home/tour-bg.png]
[demo.themeum.com/html/triangle/1.1/images/home/tour-icon2.png]
[demo.themeum.com/html/triangle/1.1/images/aboutus/right.png]
[demo.themeum.com/html/triangle/1.1/images/aboutus/left.png]
[demo.themeum.com/html/triangle/1.1/images/portfolio/icon.png]
[demo.themeum.com/html/triangle/1.1/images/portfolio/left.png]
[demo.themeum.com/html/triangle/1.1/images/portfolio/right.png]
[demo.themeum.com/html/triangle/1.1/images/blog/left.png]
[demo.themeum.com/html/triangle/1.1/images/blog/right.png]
[demo.themeum.com/html/triangle/1.1/images/blog/blog-arrow.png]
[demo.themeum.com/html/triangle/1.1/images/contact-bg.png]
[demo.themeum.com/html/triangle/1.1/images/icon-map.png]
[demo.themeum.com/html/triangle/1.1/images/404-bg.png]
[demo.themeum.com/html/triangle/1.1/images/coming-soon-bg.png]
[demo.themeum.com/html/triangle/1.1/images/coming-soon1.png]
[demo.themeum.com/html/triangle/1.1/images/coming-soon2.png]
[demo.themeum.com/html/triangle/1.1/images/coming-soon3.png]
[demo.themeum.com/html/triangle/1.1/images/coming-soon4.png]
[demo.themeum.com/html/triangle/1.1/css/main.css]
[demo.themeum.com/html/triangle/1.1/css/responsive.css]
[demo.themeum.com/html/triangle/1.1/index-2.html]
[demo.themeum.com/html/triangle/1.1/singlecolor/css/bootstrap.min.css]
[demo.themeum.com/html/triangle/1.1/singlecolor/css/font-awesome.min.css]
[demo.themeum.com/html/triangle/1.1/singlecolor/css/animate.min.css]
[demo.themeum.com/html/triangle/1.1/singlecolor/css/lightbox.css]
[demo.themeum.com/html/triangle/1.1/singlecolor/css/main.css]
[demo.themeum.com/html/triangle/1.1/singlecolor/css/responsive.css]
[demo.themeum.com/html/triangle/1.1/singlecolor/images/ico/favicon.ico]
[demo.themeum.com/html/triangle/1.1/singlecolor/images/ico/apple-touch-icon-144-precomposed.png]
[demo.themeum.com/html/triangle/1.1/singlecolor/images/ico/apple-touch-icon-114-precomposed.png]
[demo.themeum.com/html/triangle/1.1/singlecolor/images/ico/apple-touch-icon-72-precomposed.png]
[demo.themeum.com/html/triangle/1.1/singlecolor/images/ico/apple-touch-icon-57-precomposed.png]
[demo.themeum.com/html/triangle/1.1/singlecolor/images/logo.png]
[demo.themeum.com/html/triangle/1.1/singlecolor/aboutus.html]
[demo.themeum.com/html/triangle/1.1/singlecolor/aboutus2.html]
[demo.themeum.com/html/triangle/1.1/singlecolor/service.html]
[demo.themeum.com/html/triangle/1.1/singlecolor/pricing.html]
[demo.themeum.com/html/triangle/1.1/singlecolor/contact.html]
[demo.themeum.com/html/triangle/1.1/singlecolor/contact2.html]
[demo.themeum.com/html/triangle/1.1/singlecolor/404.html]
[demo.themeum.com/html/triangle/1.1/singlecolor/coming-soon.html]
[demo.themeum.com/html/triangle/1.1/singlecolor/blog.html]
[demo.themeum.com/html/triangle/1.1/singlecolor/blogtwo.html]
[demo.themeum.com/html/triangle/1.1/singlecolor/blogone.html]
[demo.themeum.com/html/triangle/1.1/singlecolor/blogthree.html]
[demo.themeum.com/html/triangle/1.1/singlecolor/blogfour.html]
[demo.themeum.com/html/triangle/1.1/singlecolor/blogdetails.html]
[demo.themeum.com/html/triangle/1.1/singlecolor/portfolio.html]
[demo.themeum.com/html/triangle/1.1/singlecolor/portfoliofour.html]
[demo.themeum.com/html/triangle/1.1/singlecolor/portfolioone.html]
[demo.themeum.com/html/triangle/1.1/singlecolor/portfoliotwo.html]
[demo.themeum.com/html/triangle/1.1/singlecolor/portfoliothree.html]
[demo.themeum.com/html/triangle/1.1/singlecolor/portfolio-details.html]
[demo.themeum.com/html/triangle/1.1/singlecolor/shortcodes.html]
[demo.themeum.com/html/triangle/1.1/singlecolor/images/home/slider/slide1/house.png]
[demo.themeum.com/html/triangle/1.1/singlecolor/images/home/slider/slide1/circle1.png]
[demo.themeum.com/html/triangle/1.1/singlecolor/images/home/slider/slide1/circle2.png]
[demo.themeum.com/html/triangle/1.1/singlecolor/images/home/slider/slide1/cloud1.png]
[demo.themeum.com/html/triangle/1.1/singlecolor/images/home/slider/slide1/cloud2.png]
[demo.themeum.com/html/triangle/1.1/singlecolor/images/home/slider/slide1/cloud3.png]
[demo.themeum.com/html/triangle/1.1/singlecolor/images/home/slider/slide1/sun.png]
[demo.themeum.com/html/triangle/1.1/singlecolor/images/home/cycle.png]
[demo.themeum.com/html/triangle/1.1/singlecolor/images/home/icon1.png]
[demo.themeum.com/html/triangle/1.1/singlecolor/images/home/icon2.png]
[demo.themeum.com/html/triangle/1.1/singlecolor/images/home/icon3.png]
[demo.themeum.com/html/triangle/1.1/singlecolor/images/home/image1.png]
[demo.themeum.com/html/triangle/1.1/singlecolor/images/home/image2.png]
[demo.themeum.com/html/triangle/1.1/singlecolor/images/home/image3.png]
[demo.themeum.com/html/triangle/1.1/singlecolor/images/home/clients.png]
[demo.themeum.com/html/triangle/1.1/singlecolor/images/home/client1.png]
[demo.themeum.com/html/triangle/1.1/singlecolor/images/home/client2.png]
[demo.themeum.com/html/triangle/1.1/singlecolor/images/home/client3.png]
[demo.themeum.com/html/triangle/1.1/singlecolor/images/home/client4.png]
[demo.themeum.com/html/triangle/1.1/singlecolor/images/home/client5.png]
[demo.themeum.com/html/triangle/1.1/singlecolor/images/home/client6.png]
[demo.themeum.com/html/triangle/1.1/singlecolor/images/home/under.png]
[demo.themeum.com/html/triangle/1.1/singlecolor/images/home/profile1.png]
[demo.themeum.com/html/triangle/1.1/singlecolor/images/home/profile2.png]
[demo.themeum.com/html/triangle/1.1/singlecolor/js/jquery.js]
[demo.themeum.com/html/triangle/1.1/singlecolor/js/bootstrap.min.js]
[demo.themeum.com/html/triangle/1.1/singlecolor/js/lightbox.min.js]
[demo.themeum.com/html/triangle/1.1/singlecolor/js/wow.min.js]
[demo.themeum.com/html/triangle/1.1/singlecolor/js/main.js]
[demo.themeum.com/html/triangle/1.1/singlecolor/index.html]
[demo.themeum.com/html/triangle/1.1/images/aboutus/1.png]
[demo.themeum.com/html/triangle/1.1/images/aboutus/1.jpg]
[demo.themeum.com/html/triangle/1.1/images/aboutus/2.jpg]
[demo.themeum.com/html/triangle/1.1/images/aboutus/3.jpg]
[demo.themeum.com/html/triangle/1.1/images/aboutus/4.jpg]
[demo.themeum.com/html/triangle/1.1/aboutus.html]
[demo.themeum.com/html/triangle/1.1/images/aboutus/5.png]
[demo.themeum.com/html/triangle/1.1/images/aboutus/6.png]
[demo.themeum.com/html/triangle/1.1/js/jquery.countTo.js]
[demo.themeum.com/html/triangle/1.1/aboutus2.html]
[demo.themeum.com/html/triangle/1.1/images/services/4.png]
[demo.themeum.com/html/triangle/1.1/images/services/1.png]
[demo.themeum.com/html/triangle/1.1/images/services/2.png]
[demo.themeum.com/html/triangle/1.1/images/services/3.png]
[demo.themeum.com/html/triangle/1.1/images/portfolio/1.jpg]
[demo.themeum.com/html/triangle/1.1/images/portfolio/2.jpg]
[demo.themeum.com/html/triangle/1.1/images/portfolio/3.jpg]
[demo.themeum.com/html/triangle/1.1/images/portfolio/4.jpg]
[demo.themeum.com/html/triangle/1.1/images/portfolio/5.jpg]
[demo.themeum.com/html/triangle/1.1/images/portfolio/6.jpg]
[demo.themeum.com/html/triangle/1.1/images/portfolio/7.jpg]
[demo.themeum.com/html/triangle/1.1/service.html]
[demo.themeum.com/html/triangle/1.1/images/portfolio/8.jpg]
[demo.themeum.com/html/triangle/1.1/pricing.html]
[demo.themeum.com/html/triangle/1.1/css/prettyPhoto.css]
[demo.themeum.com/html/triangle/1.1/contact.html]
[demo.themeum.com/html/triangle/1.1/contact2.html]
[demo.themeum.com/html/triangle/1.1/js/gmaps.js]
[demo.themeum.com/html/triangle/1.1/404.html]
[demo.themeum.com/html/triangle/1.1/images/404.png]
[demo.themeum.com/html/triangle/1.1/coming-soon.html]
[demo.themeum.com/html/triangle/1.1/js/coundown-timer.js]
[demo.themeum.com/html/triangle/1.1/images/blog/7.jpg]
[demo.themeum.com/html/triangle/1.1/images/blog/8.jpg]
[demo.themeum.com/html/triangle/1.1/images/blog/9.jpg]
[demo.themeum.com/html/triangle/1.1/images/portfolio/project1.jpg]
[demo.themeum.com/html/triangle/1.1/images/portfolio/project2.jpg]
[demo.themeum.com/html/triangle/1.1/images/portfolio/project3.jpg]
[demo.themeum.com/html/triangle/1.1/images/portfolio/popular1.jpg]
[demo.themeum.com/html/triangle/1.1/images/portfolio/popular2.jpg]
[demo.themeum.com/html/triangle/1.1/images/portfolio/popular3.jpg]
[demo.themeum.com/html/triangle/1.1/images/portfolio/popular4.jpg]
[demo.themeum.com/html/triangle/1.1/images/portfolio/popular5.jpg]
[demo.themeum.com/html/triangle/1.1/blog.html]
[demo.themeum.com/html/triangle/1.1/images/blog/timeline/1.jpg]
[demo.themeum.com/html/triangle/1.1/images/blog/timeline/2.jpg]
[demo.themeum.com/html/triangle/1.1/images/blog/timeline/3.jpg]
[demo.themeum.com/html/triangle/1.1/images/blog/timeline/4.jpg]
[demo.themeum.com/html/triangle/1.1/blogtwo.html]
[demo.themeum.com/html/triangle/1.1/images/blog/timeline/5.jpg]
[demo.themeum.com/html/triangle/1.1/images/blog/timeline/6.jpg]
[demo.themeum.com/html/triangle/1.1/blogone.html]
[demo.themeum.com/html/triangle/1.1/blogthree.html]
[demo.themeum.com/html/triangle/1.1/images/blog/masonary/1.jpg]
[demo.themeum.com/html/triangle/1.1/audio/juicy.mp3]
[demo.themeum.com/html/triangle/1.1/images/blog/masonary/6.jpg]
[demo.themeum.com/html/triangle/1.1/images/blog/masonary/8.jpg]
[demo.themeum.com/html/triangle/1.1/images/blog/masonary/4.jpg]
[demo.themeum.com/html/triangle/1.1/images/blog/masonary/2.jpg]
[demo.themeum.com/html/triangle/1.1/images/blog/masonary/10.jpg]
[demo.themeum.com/html/triangle/1.1/images/blog/masonary/7.jpg]
[demo.themeum.com/html/triangle/1.1/images/blog/masonary/5.jpg]
[demo.themeum.com/html/triangle/1.1/images/blog/masonary/9.jpg]
[demo.themeum.com/html/triangle/1.1/js/audio.min.js]
[demo.themeum.com/html/triangle/1.1/blogfour.html]
[demo.themeum.com/html/triangle/1.1/js/masonry.min.js]
[demo.themeum.com/html/triangle/1.1/images/blogdetails/1.png]
[demo.themeum.com/html/triangle/1.1/images/blogdetails/2.png]
[demo.themeum.com/html/triangle/1.1/images/blogdetails/3.png]
[demo.themeum.com/html/triangle/1.1/blogdetails.html]
[demo.themeum.com/html/triangle/1.1/images/blogdetails/4.png]
[demo.themeum.com/html/triangle/1.1/images/portfolio/9.jpg]
[demo.themeum.com/html/triangle/1.1/images/portfolio/10.jpg]
[demo.themeum.com/html/triangle/1.1/images/portfolio/11.jpg]
[demo.themeum.com/html/triangle/1.1/images/portfolio/12.jpg]
[demo.themeum.com/html/triangle/1.1/images/portfolio/13.jpg]
[demo.themeum.com/html/triangle/1.1/images/portfolio/14.jpg]
[demo.themeum.com/html/triangle/1.1/images/portfolio/15.jpg]
[demo.themeum.com/html/triangle/1.1/images/portfolio/16.jpg]
[demo.themeum.com/html/triangle/1.1/js/jquery.isotope.min.js]
[demo.themeum.com/html/triangle/1.1/portfolio.html]
[demo.themeum.com/html/triangle/1.1/portfoliofour.html]
[demo.themeum.com/html/triangle/1.1/portfolioone.html]
[demo.themeum.com/html/triangle/1.1/portfoliotwo.html]
[demo.themeum.com/html/triangle/1.1/images/portfolio/17.jpg]
[demo.themeum.com/html/triangle/1.1/images/portfolio/18.jpg]
[demo.themeum.com/html/triangle/1.1/images/portfolio/19.jpg]
[demo.themeum.com/html/triangle/1.1/images/portfolio/20.jpg]
[demo.themeum.com/html/triangle/1.1/images/portfolio/21.jpg]
[demo.themeum.com/html/triangle/1.1/images/portfolio/22.jpg]
[demo.themeum.com/html/triangle/1.1/images/portfolio/23.jpg]
[demo.themeum.com/html/triangle/1.1/portfoliothree.html]
[demo.themeum.com/html/triangle/1.1/images/portfolio/24.jpg]
[demo.themeum.com/html/triangle/1.1/portfolio-details.html]
[demo.themeum.com/html/triangle/1.1/images/portfolio-details/1.jpg]
[demo.themeum.com/html/triangle/1.1/js/jquery.fitvids.js]
[demo.themeum.com/html/triangle/1.1/js/holder.js]
[demo.themeum.com/html/triangle/1.1/shortcodes.html]
[demo.themeum.com/html/triangle/1.1/fonts/glyphicons-halflings-regular.svg]
[demo.themeum.com/html/triangle/1.1/fonts/fontawesome-webfont862f.svg]
[demo.themeum.com/html/triangle/1.1/singlecolor/fonts/glyphicons-halflings-regular.eot]
[demo.themeum.com/html/triangle/1.1/singlecolor/fonts/glyphicons-halflings-regular.woff]
[demo.themeum.com/html/triangle/1.1/singlecolor/fonts/glyphicons-halflings-regulard41d.eot]
[demo.themeum.com/html/triangle/1.1/singlecolor/fonts/glyphicons-halflings-regular.ttf]
[demo.themeum.com/html/triangle/1.1/singlecolor/css/bootstrap.min.css]
[demo.themeum.com/html/triangle/1.1/singlecolor/fonts/fontawesome-webfont862f.eot]
[demo.themeum.com/html/triangle/1.1/singlecolor/fonts/fontawesome-webfontd41d.eot]
[demo.themeum.com/html/triangle/1.1/singlecolor/fonts/fontawesome-webfont862f.woff]
[demo.themeum.com/html/triangle/1.1/singlecolor/fonts/fontawesome-webfont862f.ttf]
[demo.themeum.com/html/triangle/1.1/singlecolor/css/font-awesome.min.css]
[demo.themeum.com/html/triangle/1.1/singlecolor/css/animate.min.css]
[demo.themeum.com/html/triangle/1.1/singlecolor/images/lightbox/close.png]
[demo.themeum.com/html/triangle/1.1/singlecolor/images/lightbox/loading.gif]
[demo.themeum.com/html/triangle/1.1/singlecolor/images/lightbox/prev.png]
[demo.themeum.com/html/triangle/1.1/singlecolor/css/lightbox.css]
[demo.themeum.com/html/triangle/1.1/singlecolor/images/lightbox/next.png]
[demo.themeum.com/html/triangle/1.1/singlecolor/images/home/footer.png]
[demo.themeum.com/html/triangle/1.1/singlecolor/images/home/slider-bg.png]
[demo.themeum.com/html/triangle/1.1/singlecolor/images/home/tour-bg.png]
[demo.themeum.com/html/triangle/1.1/singlecolor/images/home/tour-icon1.png]
[demo.themeum.com/html/triangle/1.1/singlecolor/images/home/tour-icon2.png]
[demo.themeum.com/html/triangle/1.1/singlecolor/images/aboutus/right.png]
[demo.themeum.com/html/triangle/1.1/singlecolor/images/aboutus/left.png]
[demo.themeum.com/html/triangle/1.1/singlecolor/images/portfolio/icon.png]
[demo.themeum.com/html/triangle/1.1/singlecolor/images/portfolio/left.png]
[demo.themeum.com/html/triangle/1.1/singlecolor/images/portfolio/right.png]
[demo.themeum.com/html/triangle/1.1/singlecolor/images/blog/left.png]
[demo.themeum.com/html/triangle/1.1/singlecolor/images/blog/right.png]
[demo.themeum.com/html/triangle/1.1/singlecolor/images/blog/blog-arrow.png]
[demo.themeum.com/html/triangle/1.1/singlecolor/images/contact-bg.png]
[demo.themeum.com/html/triangle/1.1/singlecolor/css/main.css]
[demo.themeum.com/html/triangle/1.1/singlecolor/css/responsive.css]
[demo.themeum.com/html/triangle/1.1/singlecolor/images/icon-map.png]
[demo.themeum.com/html/triangle/1.1/singlecolor/images/aboutus/1.png]
[demo.themeum.com/html/triangle/1.1/singlecolor/images/aboutus/1.jpg]
[demo.themeum.com/html/triangle/1.1/singlecolor/images/aboutus/2.jpg]
[demo.themeum.com/html/triangle/1.1/singlecolor/images/aboutus/3.jpg]
[demo.themeum.com/html/triangle/1.1/singlecolor/images/aboutus/4.jpg]
[demo.themeum.com/html/triangle/1.1/singlecolor/aboutus.html]
[demo.themeum.com/html/triangle/1.1/singlecolor/images/aboutus/5.png]
[demo.themeum.com/html/triangle/1.1/singlecolor/images/aboutus/6.png]
[demo.themeum.com/html/triangle/1.1/singlecolor/js/jquery.countTo.js]
[demo.themeum.com/html/triangle/1.1/singlecolor/aboutus2.html]
[demo.themeum.com/html/triangle/1.1/singlecolor/images/services/4.png]
[demo.themeum.com/html/triangle/1.1/singlecolor/images/services/1.png]
[demo.themeum.com/html/triangle/1.1/singlecolor/images/services/2.png]
[demo.themeum.com/html/triangle/1.1/singlecolor/images/services/3.png]
[demo.themeum.com/html/triangle/1.1/singlecolor/images/portfolio/1.jpg]
[demo.themeum.com/html/triangle/1.1/singlecolor/images/portfolio/2.jpg]
[demo.themeum.com/html/triangle/1.1/singlecolor/images/portfolio/3.jpg]
[demo.themeum.com/html/triangle/1.1/singlecolor/images/portfolio/4.jpg]
[demo.themeum.com/html/triangle/1.1/singlecolor/images/portfolio/5.jpg]
[demo.themeum.com/html/triangle/1.1/singlecolor/images/portfolio/6.jpg]
[demo.themeum.com/html/triangle/1.1/singlecolor/images/portfolio/7.jpg]
[demo.themeum.com/html/triangle/1.1/singlecolor/images/portfolio/8.jpg]
[demo.themeum.com/html/triangle/1.1/singlecolor/service.html]
[demo.themeum.com/html/triangle/1.1/singlecolor/css/prettyPhoto.css]
[demo.themeum.com/html/triangle/1.1/singlecolor/pricing.html]
[demo.themeum.com/html/triangle/1.1/singlecolor/contact.html]
[demo.themeum.com/html/triangle/1.1/singlecolor/contact2.html]
[demo.themeum.com/html/triangle/1.1/singlecolor/images/404.png]
[demo.themeum.com/html/triangle/1.1/singlecolor/js/gmaps.js]
[demo.themeum.com/html/triangle/1.1/singlecolor/404.html]
[demo.themeum.com/html/triangle/1.1/singlecolor/js/coundown-timer.js]
[demo.themeum.com/html/triangle/1.1/singlecolor/coming-soon.html]
[demo.themeum.com/html/triangle/1.1/singlecolor/images/blog/7.jpg]
[demo.themeum.com/html/triangle/1.1/singlecolor/images/blog/8.jpg]
[demo.themeum.com/html/triangle/1.1/singlecolor/images/blog/9.jpg]
[demo.themeum.com/html/triangle/1.1/singlecolor/images/portfolio/project1.jpg]
[demo.themeum.com/html/triangle/1.1/singlecolor/images/portfolio/project2.jpg]
[demo.themeum.com/html/triangle/1.1/singlecolor/images/portfolio/project3.jpg]
[demo.themeum.com/html/triangle/1.1/singlecolor/images/portfolio/popular1.jpg]
[demo.themeum.com/html/triangle/1.1/singlecolor/images/portfolio/popular2.jpg]
[demo.themeum.com/html/triangle/1.1/singlecolor/images/portfolio/popular3.jpg]
[demo.themeum.com/html/triangle/1.1/singlecolor/images/portfolio/popular4.jpg]
[demo.themeum.com/html/triangle/1.1/singlecolor/images/portfolio/popular5.jpg]
[demo.themeum.com/html/triangle/1.1/singlecolor/blog.html]
[demo.themeum.com/html/triangle/1.1/singlecolor/images/blog/timeline/1.jpg]
[demo.themeum.com/html/triangle/1.1/singlecolor/images/blog/timeline/2.jpg]
[demo.themeum.com/html/triangle/1.1/singlecolor/images/blog/timeline/3.jpg]
[demo.themeum.com/html/triangle/1.1/singlecolor/images/blog/timeline/4.jpg]
[demo.themeum.com/html/triangle/1.1/singlecolor/blogtwo.html]
[demo.themeum.com/html/triangle/1.1/singlecolor/images/blog/timeline/5.jpg]
[demo.themeum.com/html/triangle/1.1/singlecolor/images/blog/timeline/6.jpg]
[demo.themeum.com/html/triangle/1.1/singlecolor/blogone.html]
[demo.themeum.com/html/triangle/1.1/singlecolor/blogthree.html]
[demo.themeum.com/html/triangle/1.1/singlecolor/images/blog/masonary/1.jpg]
[demo.themeum.com/html/triangle/1.1/singlecolor/audio/juicy.mp3]
[demo.themeum.com/html/triangle/1.1/singlecolor/images/blog/masonary/6.jpg]
[demo.themeum.com/html/triangle/1.1/singlecolor/images/blog/masonary/8.jpg]
[demo.themeum.com/html/triangle/1.1/singlecolor/images/blog/masonary/4.jpg]
[demo.themeum.com/html/triangle/1.1/singlecolor/images/blog/masonary/2.jpg]
[demo.themeum.com/html/triangle/1.1/singlecolor/images/blog/masonary/10.jpg]
[demo.themeum.com/html/triangle/1.1/singlecolor/images/blog/masonary/7.jpg]
[demo.themeum.com/html/triangle/1.1/singlecolor/images/blog/masonary/5.jpg]
[demo.themeum.com/html/triangle/1.1/singlecolor/images/blog/masonary/9.jpg]
[demo.themeum.com/html/triangle/1.1/singlecolor/js/audio.min.js]
[demo.themeum.com/html/triangle/1.1/singlecolor/blogfour.html]
[demo.themeum.com/html/triangle/1.1/singlecolor/js/masonry.min.js]
[demo.themeum.com/html/triangle/1.1/singlecolor/images/blogdetails/1.png]
[demo.themeum.com/html/triangle/1.1/singlecolor/images/blogdetails/2.png]
[demo.themeum.com/html/triangle/1.1/singlecolor/images/blogdetails/3.png]
[demo.themeum.com/html/triangle/1.1/singlecolor/images/blogdetails/4.png]
[demo.themeum.com/html/triangle/1.1/singlecolor/blogdetails.html]
[demo.themeum.com/html/triangle/1.1/singlecolor/images/portfolio/9.jpg]
[demo.themeum.com/html/triangle/1.1/singlecolor/images/portfolio/10.jpg]
[demo.themeum.com/html/triangle/1.1/singlecolor/images/portfolio/11.jpg]
[demo.themeum.com/html/triangle/1.1/singlecolor/images/portfolio/12.jpg]
[demo.themeum.com/html/triangle/1.1/singlecolor/images/portfolio/13.jpg]
[demo.themeum.com/html/triangle/1.1/singlecolor/images/portfolio/14.jpg]
[demo.themeum.com/html/triangle/1.1/singlecolor/images/portfolio/15.jpg]
[demo.themeum.com/html/triangle/1.1/singlecolor/images/portfolio/16.jpg]
[demo.themeum.com/html/triangle/1.1/singlecolor/js/jquery.isotope.min.js]
[demo.themeum.com/html/triangle/1.1/singlecolor/portfolio.html]
[demo.themeum.com/html/triangle/1.1/singlecolor/portfoliofour.html]
[demo.themeum.com/html/triangle/1.1/singlecolor/portfolioone.html]
[demo.themeum.com/html/triangle/1.1/singlecolor/portfoliotwo.html]
[demo.themeum.com/html/triangle/1.1/singlecolor/images/portfolio/17.jpg]
[demo.themeum.com/html/triangle/1.1/singlecolor/images/portfolio/18.jpg]
[demo.themeum.com/html/triangle/1.1/singlecolor/images/portfolio/19.jpg]
[demo.themeum.com/html/triangle/1.1/singlecolor/images/portfolio/20.jpg]
[demo.themeum.com/html/triangle/1.1/singlecolor/images/portfolio/21.jpg]
[demo.themeum.com/html/triangle/1.1/singlecolor/images/portfolio/22.jpg]
[demo.themeum.com/html/triangle/1.1/singlecolor/images/portfolio/23.jpg]
[demo.themeum.com/html/triangle/1.1/singlecolor/portfoliothree.html]
[demo.themeum.com/html/triangle/1.1/singlecolor/images/portfolio/24.jpg]
[demo.themeum.com/html/triangle/1.1/singlecolor/images/portfolio-details/1.jpg]
[demo.themeum.com/html/triangle/1.1/singlecolor/portfolio-details.html]
[demo.themeum.com/html/triangle/1.1/singlecolor/js/jquery.fitvids.js]
[demo.themeum.com/html/triangle/1.1/singlecolor/js/holder.js]
[demo.themeum.com/html/triangle/1.1/singlecolor/shortcodes.html]
[demo.themeum.com/html/triangle/1.1/css/prettyPhoto.css]
[demo.themeum.com/html/triangle/1.1/www.jooomshaper.html]
[demo.themeum.com/html/triangle/1.1/singlecolor/fonts/glyphicons-halflings-regular.svg]
[demo.themeum.com/html/triangle/1.1/singlecolor/fonts/fontawesome-webfont862f.svg]
[demo.themeum.com/html/triangle/1.1/singlecolor/css/prettyPhoto.css]
[demo.themeum.com/html/triangle/1.1/singlecolor/www.jooomshaper.html]
[demo.themeum.com/html/triangle/1.1/images/prettyPhoto/default/sprite.html]
[demo.themeum.com/html/triangle/1.1/images/prettyPhoto/default/sprite_x.html]
[demo.themeum.com/html/triangle/1.1/images/prettyPhoto/default/sprite_y.html]
[demo.themeum.com/html/triangle/1.1/images/prettyPhoto/default/sprite_next.html]
[demo.themeum.com/html/triangle/1.1/images/prettyPhoto/default/sprite_prev.html]
[demo.themeum.com/html/triangle/1.1/images/prettyPhoto/default/default_thumb.html]
[demo.themeum.com/html/triangle/1.1/images/prettyPhoto/default/loader.html]
[demo.themeum.com/html/triangle/1.1/images/prettyPhoto/light_rounded/sprite.html]
[demo.themeum.com/html/triangle/1.1/images/prettyPhoto/light_rounded/btnNext.html]
[demo.themeum.com/html/triangle/1.1/images/prettyPhoto/light_rounded/btnPrevious.html]
[demo.themeum.com/html/triangle/1.1/images/prettyPhoto/dark_rounded/sprite.html]
[demo.themeum.com/html/triangle/1.1/images/prettyPhoto/dark_rounded/contentPattern.html]
[demo.themeum.com/html/triangle/1.1/images/prettyPhoto/dark_rounded/btnNext.html]
[demo.themeum.com/html/triangle/1.1/images/prettyPhoto/dark_rounded/btnPrevious.html]
[demo.themeum.com/html/triangle/1.1/images/prettyPhoto/dark_rounded/loader.html]
[demo.themeum.com/html/triangle/1.1/images/prettyPhoto/dark_square/loader.html]
[demo.themeum.com/html/triangle/1.1/images/prettyPhoto/dark_square/sprite.html]
[demo.themeum.com/html/triangle/1.1/images/prettyPhoto/dark_square/btnNext.html]
[demo.themeum.com/html/triangle/1.1/images/prettyPhoto/dark_square/btnPrevious.html]
[demo.themeum.com/html/triangle/1.1/images/prettyPhoto/light_square/sprite.html]
[demo.themeum.com/html/triangle/1.1/images/prettyPhoto/light_square/btnNext.html]
[demo.themeum.com/html/triangle/1.1/images/prettyPhoto/light_square/btnPrevious.html]
[demo.themeum.com/html/triangle/1.1/images/prettyPhoto/facebook/sprite.html]
[demo.themeum.com/html/triangle/1.1/images/prettyPhoto/facebook/contentPatternTop.html]
[demo.themeum.com/html/triangle/1.1/images/prettyPhoto/facebook/contentPatternLeft.html]
[demo.themeum.com/html/triangle/1.1/images/prettyPhoto/facebook/contentPatternRight.html]
[demo.themeum.com/html/triangle/1.1/images/prettyPhoto/facebook/loader.html]
[demo.themeum.com/html/triangle/1.1/images/prettyPhoto/facebook/btnNext.html]
[demo.themeum.com/html/triangle/1.1/images/prettyPhoto/facebook/btnPrevious.html]
[demo.themeum.com/html/triangle/1.1/images/prettyPhoto/facebook/contentPatternBottom.html]
[demo.themeum.com/html/triangle/1.1/images/prettyPhoto/facebook/default_thumbnail.html]
[demo.themeum.com/html/triangle/1.1/images/prettyPhoto/light_rounded/loader.html]
[demo.themeum.com/html/triangle/1.1/singlecolor/images/prettyPhoto/default/sprite.html]
[demo.themeum.com/html/triangle/1.1/singlecolor/images/prettyPhoto/default/sprite_x.html]
[demo.themeum.com/html/triangle/1.1/singlecolor/images/prettyPhoto/default/sprite_y.html]
[demo.themeum.com/html/triangle/1.1/singlecolor/images/prettyPhoto/default/sprite_next.html]
[demo.themeum.com/html/triangle/1.1/singlecolor/images/prettyPhoto/default/sprite_prev.html]
[demo.themeum.com/html/triangle/1.1/singlecolor/images/prettyPhoto/default/default_thumb.html]
[demo.themeum.com/html/triangle/1.1/singlecolor/images/prettyPhoto/default/loader.html]
[demo.themeum.com/html/triangle/1.1/singlecolor/images/prettyPhoto/light_rounded/sprite.html]
[demo.themeum.com/html/triangle/1.1/singlecolor/images/prettyPhoto/light_rounded/btnNext.html]
[demo.themeum.com/html/triangle/1.1/singlecolor/images/prettyPhoto/light_rounded/btnPrevious.html]
[demo.themeum.com/html/triangle/1.1/singlecolor/images/prettyPhoto/dark_rounded/sprite.html]
[demo.themeum.com/html/triangle/1.1/singlecolor/images/prettyPhoto/dark_rounded/contentPattern.html]
[demo.themeum.com/html/triangle/1.1/singlecolor/images/prettyPhoto/dark_rounded/btnNext.html]
[demo.themeum.com/html/triangle/1.1/singlecolor/images/prettyPhoto/dark_rounded/btnPrevious.html]
[demo.themeum.com/html/triangle/1.1/singlecolor/images/prettyPhoto/dark_rounded/loader.html]
[demo.themeum.com/html/triangle/1.1/singlecolor/images/prettyPhoto/dark_square/loader.html]
[demo.themeum.com/html/triangle/1.1/singlecolor/images/prettyPhoto/dark_square/sprite.html]
[demo.themeum.com/html/triangle/1.1/singlecolor/images/prettyPhoto/dark_square/btnNext.html]
[demo.themeum.com/html/triangle/1.1/singlecolor/images/prettyPhoto/dark_square/btnPrevious.html]
[demo.themeum.com/html/triangle/1.1/singlecolor/images/prettyPhoto/light_square/sprite.html]
[demo.themeum.com/html/triangle/1.1/singlecolor/images/prettyPhoto/light_square/btnNext.html]
[demo.themeum.com/html/triangle/1.1/singlecolor/images/prettyPhoto/light_square/btnPrevious.html]
[demo.themeum.com/html/triangle/1.1/singlecolor/images/prettyPhoto/facebook/sprite.html]
[demo.themeum.com/html/triangle/1.1/singlecolor/images/prettyPhoto/facebook/contentPatternTop.html]
[demo.themeum.com/html/triangle/1.1/singlecolor/images/prettyPhoto/facebook/contentPatternLeft.html]
[demo.themeum.com/html/triangle/1.1/singlecolor/images/prettyPhoto/facebook/contentPatternRight.html]
[demo.themeum.com/html/triangle/1.1/singlecolor/images/prettyPhoto/facebook/loader.html]
[demo.themeum.com/html/triangle/1.1/singlecolor/images/prettyPhoto/facebook/btnNext.html]
[demo.themeum.com/html/triangle/1.1/singlecolor/images/prettyPhoto/facebook/btnPrevious.html]
[demo.themeum.com/html/triangle/1.1/singlecolor/images/prettyPhoto/facebook/contentPatternBottom.html]
[demo.themeum.com/html/triangle/1.1/singlecolor/images/prettyPhoto/facebook/default_thumbnail.html]
[demo.themeum.com/html/triangle/1.1/singlecolor/images/prettyPhoto/light_rounded/loader.html]
