[demo.themeum.com/html/triangle/index.html]
[backblue.gif]
[fade.gif]
[index.html]
[demo.themeum.com/html/triangle/css/bootstrap.min.css]
[demo.themeum.com/html/triangle/css/font-awesome.min.css]
[demo.themeum.com/html/triangle/css/animate.min.css]
[demo.themeum.com/html/triangle/css/lightbox.css]
[demo.themeum.com/html/triangle/css/main.css]
[demo.themeum.com/html/triangle/css/responsive.css]
[demo.themeum.com/html/triangle/images/ico/favicon.ico]
[demo.themeum.com/html/triangle/images/ico/apple-touch-icon-144-precomposed.png]
[demo.themeum.com/html/triangle/images/ico/apple-touch-icon-114-precomposed.png]
[demo.themeum.com/html/triangle/images/ico/apple-touch-icon-72-precomposed.png]
[demo.themeum.com/html/triangle/images/ico/apple-touch-icon-57-precomposed.png]
[demo.themeum.com/html/triangle/index-2.html]
[demo.themeum.com/html/triangle/images/logo.png]
[demo.themeum.com/html/triangle/multicolor/index.html]
[demo.themeum.com/html/triangle/aboutus.html]
[demo.themeum.com/html/triangle/aboutus2.html]
[demo.themeum.com/html/triangle/service.html]
[demo.themeum.com/html/triangle/pricing.html]
[demo.themeum.com/html/triangle/contact.html]
[demo.themeum.com/html/triangle/contact2.html]
[demo.themeum.com/html/triangle/404.html]
[demo.themeum.com/html/triangle/coming-soon.html]
[demo.themeum.com/html/triangle/blog.html]
[demo.themeum.com/html/triangle/blogtwo.html]
[demo.themeum.com/html/triangle/blogone.html]
[demo.themeum.com/html/triangle/blogthree.html]
[demo.themeum.com/html/triangle/blogfour.html]
[demo.themeum.com/html/triangle/blogdetails.html]
[demo.themeum.com/html/triangle/portfolio.html]
[demo.themeum.com/html/triangle/portfoliofour.html]
[demo.themeum.com/html/triangle/portfolioone.html]
[demo.themeum.com/html/triangle/portfoliotwo.html]
[demo.themeum.com/html/triangle/portfoliothree.html]
[demo.themeum.com/html/triangle/portfolio-details.html]
[demo.themeum.com/html/triangle/shortcodes.html]
[demo.themeum.com/html/triangle/images/home/slider/slide1/house.png]
[demo.themeum.com/html/triangle/images/home/slider/slide1/circle1.png]
[demo.themeum.com/html/triangle/images/home/slider/slide1/circle2.png]
[demo.themeum.com/html/triangle/images/home/slider/slide1/cloud1.png]
[demo.themeum.com/html/triangle/images/home/slider/slide1/cloud2.png]
[demo.themeum.com/html/triangle/images/home/slider/slide1/cloud3.png]
[demo.themeum.com/html/triangle/images/home/slider/slide1/sun.png]
[demo.themeum.com/html/triangle/images/home/cycle.png]
[demo.themeum.com/html/triangle/images/home/icon1.png]
[demo.themeum.com/html/triangle/images/home/icon2.png]
[demo.themeum.com/html/triangle/images/home/icon3.png]
[demo.themeum.com/html/triangle/images/home/image1.png]
[demo.themeum.com/html/triangle/images/home/image2.png]
[demo.themeum.com/html/triangle/images/home/image3.png]
[demo.themeum.com/html/triangle/images/home/clients.png]
[demo.themeum.com/html/triangle/images/home/client1.png]
[demo.themeum.com/html/triangle/images/home/client2.png]
[demo.themeum.com/html/triangle/images/home/client3.png]
[demo.themeum.com/html/triangle/images/home/client4.png]
[demo.themeum.com/html/triangle/images/home/client5.png]
[demo.themeum.com/html/triangle/images/home/client6.png]
[demo.themeum.com/html/triangle/images/home/under.png]
[demo.themeum.com/html/triangle/images/home/profile1.png]
[demo.themeum.com/html/triangle/images/home/profile2.png]
[demo.themeum.com/html/triangle/js/jquery.js]
[demo.themeum.com/html/triangle/js/bootstrap.min.js]
[demo.themeum.com/html/triangle/js/lightbox.min.js]
[demo.themeum.com/html/triangle/js/wow.min.js]
[demo.themeum.com/html/triangle/js/main.js]
[demo.themeum.com/html/triangle/index.html]
[demo.themeum.com/html/triangle/fonts/glyphicons-halflings-regular.eot]
[demo.themeum.com/html/triangle/fonts/glyphicons-halflings-regulard41d.eot]
[demo.themeum.com/html/triangle/fonts/glyphicons-halflings-regular.woff]
[demo.themeum.com/html/triangle/fonts/glyphicons-halflings-regular.ttf]
[demo.themeum.com/html/triangle/css/bootstrap.min.css]
[demo.themeum.com/html/triangle/fonts/fontawesome-webfont862f.eot]
[demo.themeum.com/html/triangle/fonts/fontawesome-webfontd41d.eot]
[demo.themeum.com/html/triangle/fonts/fontawesome-webfont862f.woff]
[demo.themeum.com/html/triangle/fonts/fontawesome-webfont862f.ttf]
[demo.themeum.com/html/triangle/css/font-awesome.min.css]
[demo.themeum.com/html/triangle/css/animate.min.css]
[demo.themeum.com/html/triangle/images/lightbox/close.png]
[demo.themeum.com/html/triangle/images/lightbox/loading.gif]
[demo.themeum.com/html/triangle/images/lightbox/prev.png]
[demo.themeum.com/html/triangle/css/lightbox.css]
[demo.themeum.com/html/triangle/images/lightbox/next.png]
[demo.themeum.com/html/triangle/images/home/footer.png]
[demo.themeum.com/html/triangle/images/home/slider-bg.png]
[demo.themeum.com/html/triangle/images/home/tour-bg.png]
[demo.themeum.com/html/triangle/images/home/tour-icon1.png]
[demo.themeum.com/html/triangle/images/home/tour-icon2.png]
[demo.themeum.com/html/triangle/images/aboutus/right.png]
[demo.themeum.com/html/triangle/images/aboutus/left.png]
[demo.themeum.com/html/triangle/images/portfolio/icon.png]
[demo.themeum.com/html/triangle/images/portfolio/left.png]
[demo.themeum.com/html/triangle/images/portfolio/right.png]
[demo.themeum.com/html/triangle/images/blog/left.png]
[demo.themeum.com/html/triangle/images/blog/right.png]
[demo.themeum.com/html/triangle/images/blog/blog-arrow.png]
[demo.themeum.com/html/triangle/images/contact-bg.png]
[demo.themeum.com/html/triangle/images/icon-map.png]
[demo.themeum.com/html/triangle/css/main.css]
[demo.themeum.com/html/triangle/css/responsive.css]
[demo.themeum.com/html/triangle/index-2.html]
[demo.themeum.com/html/triangle/multicolor/css/bootstrap.min.css]
[demo.themeum.com/html/triangle/multicolor/css/font-awesome.min.css]
[demo.themeum.com/html/triangle/multicolor/css/animate.min.css]
[demo.themeum.com/html/triangle/multicolor/css/lightbox.css]
[demo.themeum.com/html/triangle/multicolor/css/main.css]
[demo.themeum.com/html/triangle/multicolor/css/responsive.css]
[demo.themeum.com/html/triangle/multicolor/images/ico/favicon.ico]
[demo.themeum.com/html/triangle/multicolor/images/ico/apple-touch-icon-144-precomposed.png]
[demo.themeum.com/html/triangle/multicolor/images/ico/apple-touch-icon-114-precomposed.png]
[demo.themeum.com/html/triangle/multicolor/images/ico/apple-touch-icon-72-precomposed.png]
[demo.themeum.com/html/triangle/multicolor/images/ico/apple-touch-icon-57-precomposed.png]
[demo.themeum.com/html/triangle/multicolor/images/logo.png]
[demo.themeum.com/html/triangle/multicolor/aboutus.html]
[demo.themeum.com/html/triangle/multicolor/aboutus2.html]
[demo.themeum.com/html/triangle/multicolor/service.html]
[demo.themeum.com/html/triangle/multicolor/pricing.html]
[demo.themeum.com/html/triangle/multicolor/contact.html]
[demo.themeum.com/html/triangle/multicolor/contact2.html]
[demo.themeum.com/html/triangle/multicolor/404.html]
[demo.themeum.com/html/triangle/multicolor/coming-soon.html]
[demo.themeum.com/html/triangle/multicolor/blog.html]
[demo.themeum.com/html/triangle/multicolor/blogtwo.html]
[demo.themeum.com/html/triangle/multicolor/blogone.html]
[demo.themeum.com/html/triangle/multicolor/blogthree.html]
[demo.themeum.com/html/triangle/multicolor/blogfour.html]
[demo.themeum.com/html/triangle/multicolor/blogdetails.html]
[demo.themeum.com/html/triangle/multicolor/portfolio.html]
[demo.themeum.com/html/triangle/multicolor/portfoliofour.html]
[demo.themeum.com/html/triangle/multicolor/portfolioone.html]
[demo.themeum.com/html/triangle/multicolor/portfoliotwo.html]
[demo.themeum.com/html/triangle/multicolor/portfoliothree.html]
[demo.themeum.com/html/triangle/multicolor/portfolio-details.html]
[demo.themeum.com/html/triangle/multicolor/shortcodes.html]
[demo.themeum.com/html/triangle/multicolor/images/home/slider/hill.png]
[demo.themeum.com/html/triangle/multicolor/images/home/slider/house.png]
[demo.themeum.com/html/triangle/multicolor/images/home/slider/sun.png]
[demo.themeum.com/html/triangle/multicolor/images/home/slider/birds1.png]
[demo.themeum.com/html/triangle/multicolor/images/home/slider/birds2.png]
[demo.themeum.com/html/triangle/multicolor/images/home/icon1.png]
[demo.themeum.com/html/triangle/multicolor/images/home/icon2.png]
[demo.themeum.com/html/triangle/multicolor/images/home/icon3.png]
[demo.themeum.com/html/triangle/multicolor/images/home/image1.png]
[demo.themeum.com/html/triangle/multicolor/images/home/image2.png]
[demo.themeum.com/html/triangle/multicolor/images/home/image3.png]
[demo.themeum.com/html/triangle/multicolor/images/home/clients.png]
[demo.themeum.com/html/triangle/multicolor/images/home/client1.png]
[demo.themeum.com/html/triangle/multicolor/images/home/client2.png]
[demo.themeum.com/html/triangle/multicolor/images/home/client3.png]
[demo.themeum.com/html/triangle/multicolor/images/home/client4.png]
[demo.themeum.com/html/triangle/multicolor/images/home/client5.png]
[demo.themeum.com/html/triangle/multicolor/images/home/client6.png]
[demo.themeum.com/html/triangle/multicolor/images/home/under.png]
[demo.themeum.com/html/triangle/multicolor/images/home/profile1.png]
[demo.themeum.com/html/triangle/multicolor/images/home/profile2.png]
[demo.themeum.com/html/triangle/multicolor/js/bootstrap.min.js]
[demo.themeum.com/html/triangle/multicolor/js/jquery.js]
[demo.themeum.com/html/triangle/multicolor/js/lightbox.min.js]
[demo.themeum.com/html/triangle/multicolor/js/wow.min.js]
[demo.themeum.com/html/triangle/multicolor/js/main.js]
[demo.themeum.com/html/triangle/multicolor/index.html]
[demo.themeum.com/html/triangle/images/aboutus/1.png]
[demo.themeum.com/html/triangle/images/aboutus/1.jpg]
[demo.themeum.com/html/triangle/images/aboutus/2.jpg]
[demo.themeum.com/html/triangle/images/aboutus/3.jpg]
[demo.themeum.com/html/triangle/images/aboutus/4.jpg]
[demo.themeum.com/html/triangle/aboutus.html]
[demo.themeum.com/html/triangle/images/aboutus/5.png]
[demo.themeum.com/html/triangle/images/aboutus/6.png]
[demo.themeum.com/html/triangle/aboutus2.html]
[demo.themeum.com/html/triangle/js/jquery.countTo.js]
[demo.themeum.com/html/triangle/images/services/4.png]
[demo.themeum.com/html/triangle/images/services/1.png]
[demo.themeum.com/html/triangle/images/services/2.png]
[demo.themeum.com/html/triangle/images/services/3.png]
[demo.themeum.com/html/triangle/images/portfolio/1.jpg]
[demo.themeum.com/html/triangle/images/portfolio/2.jpg]
[demo.themeum.com/html/triangle/images/portfolio/3.jpg]
[demo.themeum.com/html/triangle/images/portfolio/4.jpg]
[demo.themeum.com/html/triangle/images/portfolio/5.jpg]
[demo.themeum.com/html/triangle/images/portfolio/6.jpg]
[demo.themeum.com/html/triangle/images/portfolio/7.jpg]
[demo.themeum.com/html/triangle/service.html]
[demo.themeum.com/html/triangle/images/portfolio/8.jpg]
[demo.themeum.com/html/triangle/css/prettyPhoto.css]
[demo.themeum.com/html/triangle/pricing.html]
[demo.themeum.com/html/triangle/contact.html]
[demo.themeum.com/html/triangle/contact2.html]
[demo.themeum.com/html/triangle/images/404.png]
[demo.themeum.com/html/triangle/js/gmaps.js]
[demo.themeum.com/html/triangle/404.html]
[demo.themeum.com/html/triangle/coming-soon.html]
[demo.themeum.com/html/triangle/js/coundown-timer.js]
[demo.themeum.com/html/triangle/images/blog/7.jpg]
[demo.themeum.com/html/triangle/images/blog/8.jpg]
[demo.themeum.com/html/triangle/images/blog/9.jpg]
[demo.themeum.com/html/triangle/images/portfolio/project1.jpg]
[demo.themeum.com/html/triangle/images/portfolio/project2.jpg]
[demo.themeum.com/html/triangle/images/portfolio/project3.jpg]
[demo.themeum.com/html/triangle/images/portfolio/popular1.jpg]
[demo.themeum.com/html/triangle/images/portfolio/popular2.jpg]
[demo.themeum.com/html/triangle/images/portfolio/popular3.jpg]
[demo.themeum.com/html/triangle/images/portfolio/popular4.jpg]
[demo.themeum.com/html/triangle/blog.html]
[demo.themeum.com/html/triangle/images/portfolio/popular5.jpg]
[demo.themeum.com/html/triangle/images/blog/timeline/1.jpg]
[demo.themeum.com/html/triangle/images/blog/timeline/2.jpg]
[demo.themeum.com/html/triangle/images/blog/timeline/3.jpg]
[demo.themeum.com/html/triangle/images/blog/timeline/4.jpg]
[demo.themeum.com/html/triangle/blogtwo.html]
[demo.themeum.com/html/triangle/images/blog/timeline/5.jpg]
[demo.themeum.com/html/triangle/images/blog/timeline/6.jpg]
[demo.themeum.com/html/triangle/blogone.html]
[demo.themeum.com/html/triangle/blogthree.html]
[demo.themeum.com/html/triangle/images/blog/masonary/1.jpg]
[demo.themeum.com/html/triangle/audio/juicy.mp3]
[demo.themeum.com/html/triangle/images/blog/masonary/6.jpg]
[demo.themeum.com/html/triangle/images/blog/masonary/8.jpg]
[demo.themeum.com/html/triangle/images/blog/masonary/4.jpg]
[demo.themeum.com/html/triangle/images/blog/masonary/2.jpg]
[demo.themeum.com/html/triangle/images/blog/masonary/10.jpg]
[demo.themeum.com/html/triangle/images/blog/masonary/7.jpg]
[demo.themeum.com/html/triangle/images/blog/masonary/5.jpg]
[demo.themeum.com/html/triangle/images/blog/masonary/9.jpg]
[demo.themeum.com/html/triangle/js/audio.min.js]
[demo.themeum.com/html/triangle/blogfour.html]
[demo.themeum.com/html/triangle/js/masonry.min.js]
[demo.themeum.com/html/triangle/images/blogdetails/1.png]
[demo.themeum.com/html/triangle/images/blogdetails/2.png]
[demo.themeum.com/html/triangle/images/blogdetails/3.png]
[demo.themeum.com/html/triangle/blogdetails.html]
[demo.themeum.com/html/triangle/images/blogdetails/4.png]
[demo.themeum.com/html/triangle/images/portfolio/9.jpg]
[demo.themeum.com/html/triangle/images/portfolio/10.jpg]
[demo.themeum.com/html/triangle/images/portfolio/11.jpg]
[demo.themeum.com/html/triangle/images/portfolio/12.jpg]
[demo.themeum.com/html/triangle/images/portfolio/13.jpg]
[demo.themeum.com/html/triangle/images/portfolio/14.jpg]
[demo.themeum.com/html/triangle/images/portfolio/15.jpg]
[demo.themeum.com/html/triangle/images/portfolio/16.jpg]
[demo.themeum.com/html/triangle/js/jquery.isotope.min.js]
[demo.themeum.com/html/triangle/portfolio.html]
[demo.themeum.com/html/triangle/portfoliofour.html]
[demo.themeum.com/html/triangle/portfolioone.html]
[demo.themeum.com/html/triangle/portfoliotwo.html]
[demo.themeum.com/html/triangle/images/portfolio/17.jpg]
[demo.themeum.com/html/triangle/images/portfolio/18.jpg]
[demo.themeum.com/html/triangle/images/portfolio/19.jpg]
[demo.themeum.com/html/triangle/images/portfolio/20.jpg]
[demo.themeum.com/html/triangle/images/portfolio/21.jpg]
[demo.themeum.com/html/triangle/images/portfolio/22.jpg]
[demo.themeum.com/html/triangle/images/portfolio/23.jpg]
[demo.themeum.com/html/triangle/images/portfolio/24.jpg]
[demo.themeum.com/html/triangle/portfoliothree.html]
[demo.themeum.com/html/triangle/portfolio-details.html]
[demo.themeum.com/html/triangle/images/portfolio-details/1.jpg]
[demo.themeum.com/html/triangle/js/jquery.fitvids.js]
[demo.themeum.com/html/triangle/js/holder.js]
[demo.themeum.com/html/triangle/shortcodes.html]
[demo.themeum.com/html/triangle/fonts/glyphicons-halflings-regular.svg]
[demo.themeum.com/html/triangle/fonts/fontawesome-webfont862f.svg]
[demo.themeum.com/html/triangle/multicolor/fonts/glyphicons-halflings-regular.eot]
[demo.themeum.com/html/triangle/multicolor/fonts/glyphicons-halflings-regulard41d.eot]
[demo.themeum.com/html/triangle/multicolor/fonts/glyphicons-halflings-regular.woff]
[demo.themeum.com/html/triangle/multicolor/fonts/glyphicons-halflings-regular.ttf]
[demo.themeum.com/html/triangle/multicolor/css/bootstrap.min.css]
[demo.themeum.com/html/triangle/multicolor/fonts/fontawesome-webfont862f.eot]
[demo.themeum.com/html/triangle/multicolor/fonts/fontawesome-webfontd41d.eot]
[demo.themeum.com/html/triangle/multicolor/fonts/fontawesome-webfont862f.woff]
[demo.themeum.com/html/triangle/multicolor/fonts/fontawesome-webfont862f.ttf]
[demo.themeum.com/html/triangle/multicolor/css/font-awesome.min.css]
[demo.themeum.com/html/triangle/multicolor/css/animate.min.css]
[demo.themeum.com/html/triangle/multicolor/images/lightbox/close.png]
[demo.themeum.com/html/triangle/multicolor/images/lightbox/loading.gif]
[demo.themeum.com/html/triangle/multicolor/images/lightbox/prev.png]
[demo.themeum.com/html/triangle/multicolor/css/lightbox.css]
[demo.themeum.com/html/triangle/multicolor/images/lightbox/next.png]
[demo.themeum.com/html/triangle/multicolor/images/home/footer.png]
[demo.themeum.com/html/triangle/multicolor/images/home/slider-bg.png]
[demo.themeum.com/html/triangle/multicolor/images/home/tour-bg.png]
[demo.themeum.com/html/triangle/multicolor/images/home/tour-icon2.png]
[demo.themeum.com/html/triangle/multicolor/images/aboutus/right.png]
[demo.themeum.com/html/triangle/multicolor/images/aboutus/left.png]
[demo.themeum.com/html/triangle/multicolor/images/portfolio/icon.png]
[demo.themeum.com/html/triangle/multicolor/images/portfolio/left.png]
[demo.themeum.com/html/triangle/multicolor/images/portfolio/right.png]
[demo.themeum.com/html/triangle/multicolor/images/blog/left.png]
[demo.themeum.com/html/triangle/multicolor/images/blog/right.png]
[demo.themeum.com/html/triangle/multicolor/images/blog/blog-arrow.png]
[demo.themeum.com/html/triangle/multicolor/images/contact-bg.png]
[demo.themeum.com/html/triangle/multicolor/images/icon-map.png]
[demo.themeum.com/html/triangle/multicolor/images/404-bg.png]
[demo.themeum.com/html/triangle/multicolor/images/coming-soon-bg.png]
[demo.themeum.com/html/triangle/multicolor/images/coming-soon1.png]
[demo.themeum.com/html/triangle/multicolor/images/coming-soon2.png]
[demo.themeum.com/html/triangle/multicolor/images/coming-soon3.png]
[demo.themeum.com/html/triangle/multicolor/css/main.css]
[demo.themeum.com/html/triangle/multicolor/css/responsive.css]
[demo.themeum.com/html/triangle/multicolor/images/coming-soon4.png]
[demo.themeum.com/html/triangle/multicolor/images/aboutus/1.png]
[demo.themeum.com/html/triangle/multicolor/images/aboutus/1.jpg]
[demo.themeum.com/html/triangle/multicolor/images/aboutus/2.jpg]
[demo.themeum.com/html/triangle/multicolor/images/aboutus/3.jpg]
[demo.themeum.com/html/triangle/multicolor/images/aboutus/4.jpg]
[demo.themeum.com/html/triangle/multicolor/aboutus.html]
[demo.themeum.com/html/triangle/multicolor/images/aboutus/5.png]
[demo.themeum.com/html/triangle/multicolor/images/aboutus/6.png]
[demo.themeum.com/html/triangle/multicolor/js/jquery.countTo.js]
[demo.themeum.com/html/triangle/multicolor/aboutus2.html]
[demo.themeum.com/html/triangle/multicolor/images/services/4.png]
[demo.themeum.com/html/triangle/multicolor/images/services/1.png]
[demo.themeum.com/html/triangle/multicolor/images/services/2.png]
[demo.themeum.com/html/triangle/multicolor/images/services/3.png]
[demo.themeum.com/html/triangle/multicolor/images/portfolio/1.jpg]
[demo.themeum.com/html/triangle/multicolor/images/portfolio/2.jpg]
[demo.themeum.com/html/triangle/multicolor/images/portfolio/3.jpg]
[demo.themeum.com/html/triangle/multicolor/images/portfolio/4.jpg]
[demo.themeum.com/html/triangle/multicolor/images/portfolio/5.jpg]
[demo.themeum.com/html/triangle/multicolor/images/portfolio/6.jpg]
[demo.themeum.com/html/triangle/multicolor/images/portfolio/7.jpg]
[demo.themeum.com/html/triangle/multicolor/images/portfolio/8.jpg]
[demo.themeum.com/html/triangle/multicolor/service.html]
[demo.themeum.com/html/triangle/multicolor/pricing.html]
[demo.themeum.com/html/triangle/multicolor/css/prettyPhoto.css]
[demo.themeum.com/html/triangle/multicolor/contact.html]
[demo.themeum.com/html/triangle/multicolor/contact2.html]
[demo.themeum.com/html/triangle/multicolor/js/gmaps.js]
[demo.themeum.com/html/triangle/multicolor/404.html]
[demo.themeum.com/html/triangle/multicolor/images/404.png]
[demo.themeum.com/html/triangle/multicolor/coming-soon.html]
[demo.themeum.com/html/triangle/multicolor/js/coundown-timer.js]
[demo.themeum.com/html/triangle/multicolor/images/blog/7.jpg]
[demo.themeum.com/html/triangle/multicolor/images/blog/8.jpg]
[demo.themeum.com/html/triangle/multicolor/images/blog/9.jpg]
[demo.themeum.com/html/triangle/multicolor/images/portfolio/project1.jpg]
[demo.themeum.com/html/triangle/multicolor/images/portfolio/project2.jpg]
[demo.themeum.com/html/triangle/multicolor/images/portfolio/project3.jpg]
[demo.themeum.com/html/triangle/multicolor/images/portfolio/popular1.jpg]
[demo.themeum.com/html/triangle/multicolor/images/portfolio/popular2.jpg]
[demo.themeum.com/html/triangle/multicolor/images/portfolio/popular3.jpg]
[demo.themeum.com/html/triangle/multicolor/images/portfolio/popular4.jpg]
[demo.themeum.com/html/triangle/multicolor/images/portfolio/popular5.jpg]
[demo.themeum.com/html/triangle/multicolor/blog.html]
[demo.themeum.com/html/triangle/multicolor/images/blog/timeline/1.jpg]
[demo.themeum.com/html/triangle/multicolor/images/blog/timeline/2.jpg]
[demo.themeum.com/html/triangle/multicolor/images/blog/timeline/3.jpg]
[demo.themeum.com/html/triangle/multicolor/images/blog/timeline/4.jpg]
[demo.themeum.com/html/triangle/multicolor/blogtwo.html]
[demo.themeum.com/html/triangle/multicolor/images/blog/timeline/5.jpg]
[demo.themeum.com/html/triangle/multicolor/images/blog/timeline/6.jpg]
[demo.themeum.com/html/triangle/multicolor/blogone.html]
[demo.themeum.com/html/triangle/multicolor/blogthree.html]
[demo.themeum.com/html/triangle/multicolor/images/blog/masonary/1.jpg]
[demo.themeum.com/html/triangle/multicolor/audio/juicy.mp3]
[demo.themeum.com/html/triangle/multicolor/images/blog/masonary/6.jpg]
[demo.themeum.com/html/triangle/multicolor/images/blog/masonary/8.jpg]
[demo.themeum.com/html/triangle/multicolor/images/blog/masonary/4.jpg]
[demo.themeum.com/html/triangle/multicolor/images/blog/masonary/2.jpg]
[demo.themeum.com/html/triangle/multicolor/images/blog/masonary/10.jpg]
[demo.themeum.com/html/triangle/multicolor/images/blog/masonary/7.jpg]
[demo.themeum.com/html/triangle/multicolor/images/blog/masonary/5.jpg]
[demo.themeum.com/html/triangle/multicolor/images/blog/masonary/9.jpg]
[demo.themeum.com/html/triangle/multicolor/js/audio.min.js]
[demo.themeum.com/html/triangle/multicolor/blogfour.html]
[demo.themeum.com/html/triangle/multicolor/js/masonry.min.js]
[demo.themeum.com/html/triangle/multicolor/images/blogdetails/1.png]
[demo.themeum.com/html/triangle/multicolor/images/blogdetails/2.png]
[demo.themeum.com/html/triangle/multicolor/images/blogdetails/3.png]
[demo.themeum.com/html/triangle/multicolor/images/blogdetails/4.png]
[demo.themeum.com/html/triangle/multicolor/blogdetails.html]
[demo.themeum.com/html/triangle/multicolor/images/portfolio/9.jpg]
[demo.themeum.com/html/triangle/multicolor/images/portfolio/10.jpg]
[demo.themeum.com/html/triangle/multicolor/images/portfolio/11.jpg]
[demo.themeum.com/html/triangle/multicolor/images/portfolio/12.jpg]
[demo.themeum.com/html/triangle/multicolor/images/portfolio/13.jpg]
[demo.themeum.com/html/triangle/multicolor/images/portfolio/14.jpg]
[demo.themeum.com/html/triangle/multicolor/images/portfolio/15.jpg]
[demo.themeum.com/html/triangle/multicolor/images/portfolio/16.jpg]
[demo.themeum.com/html/triangle/multicolor/js/jquery.isotope.min.js]
[demo.themeum.com/html/triangle/multicolor/portfolio.html]
[demo.themeum.com/html/triangle/multicolor/portfoliofour.html]
[demo.themeum.com/html/triangle/multicolor/portfolioone.html]
[demo.themeum.com/html/triangle/multicolor/portfoliotwo.html]
[demo.themeum.com/html/triangle/multicolor/images/portfolio/17.jpg]
[demo.themeum.com/html/triangle/multicolor/images/portfolio/18.jpg]
[demo.themeum.com/html/triangle/multicolor/images/portfolio/19.jpg]
[demo.themeum.com/html/triangle/multicolor/images/portfolio/20.jpg]
[demo.themeum.com/html/triangle/multicolor/images/portfolio/21.jpg]
[demo.themeum.com/html/triangle/multicolor/images/portfolio/22.jpg]
[demo.themeum.com/html/triangle/multicolor/images/portfolio/23.jpg]
[demo.themeum.com/html/triangle/multicolor/portfoliothree.html]
[demo.themeum.com/html/triangle/multicolor/images/portfolio/24.jpg]
[demo.themeum.com/html/triangle/multicolor/images/portfolio-details/1.jpg]
[demo.themeum.com/html/triangle/multicolor/portfolio-details.html]
[demo.themeum.com/html/triangle/multicolor/js/jquery.fitvids.js]
[demo.themeum.com/html/triangle/multicolor/js/holder.js]
[demo.themeum.com/html/triangle/multicolor/shortcodes.html]
[demo.themeum.com/html/triangle/css/prettyPhoto.css]
[demo.themeum.com/html/triangle/www.jooomshaper.html]
[demo.themeum.com/html/triangle/multicolor/fonts/glyphicons-halflings-regular.svg]
[demo.themeum.com/html/triangle/multicolor/fonts/fontawesome-webfont862f.svg]
[demo.themeum.com/html/triangle/multicolor/css/prettyPhoto.css]
[demo.themeum.com/html/triangle/multicolor/www.jooomshaper.html]
[demo.themeum.com/html/triangle/images/prettyPhoto/default/sprite.html]
[demo.themeum.com/html/triangle/images/prettyPhoto/default/sprite_x.html]
[demo.themeum.com/html/triangle/images/prettyPhoto/default/sprite_y.html]
[demo.themeum.com/html/triangle/images/prettyPhoto/default/sprite_next.html]
[demo.themeum.com/html/triangle/images/prettyPhoto/default/sprite_prev.html]
[demo.themeum.com/html/triangle/images/prettyPhoto/default/default_thumb.html]
[demo.themeum.com/html/triangle/images/prettyPhoto/default/loader.html]
[demo.themeum.com/html/triangle/images/prettyPhoto/light_rounded/sprite.html]
[demo.themeum.com/html/triangle/images/prettyPhoto/light_rounded/btnNext.html]
[demo.themeum.com/html/triangle/images/prettyPhoto/light_rounded/btnPrevious.html]
[demo.themeum.com/html/triangle/images/prettyPhoto/dark_rounded/sprite.html]
[demo.themeum.com/html/triangle/images/prettyPhoto/dark_rounded/contentPattern.html]
[demo.themeum.com/html/triangle/images/prettyPhoto/dark_rounded/btnNext.html]
[demo.themeum.com/html/triangle/images/prettyPhoto/dark_rounded/btnPrevious.html]
[demo.themeum.com/html/triangle/images/prettyPhoto/dark_rounded/loader.html]
[demo.themeum.com/html/triangle/images/prettyPhoto/dark_square/loader.html]
[demo.themeum.com/html/triangle/images/prettyPhoto/dark_square/sprite.html]
[demo.themeum.com/html/triangle/images/prettyPhoto/dark_square/btnNext.html]
[demo.themeum.com/html/triangle/images/prettyPhoto/dark_square/btnPrevious.html]
[demo.themeum.com/html/triangle/images/prettyPhoto/light_square/sprite.html]
[demo.themeum.com/html/triangle/images/prettyPhoto/light_square/btnNext.html]
[demo.themeum.com/html/triangle/images/prettyPhoto/light_square/btnPrevious.html]
[demo.themeum.com/html/triangle/images/prettyPhoto/facebook/sprite.html]
[demo.themeum.com/html/triangle/images/prettyPhoto/facebook/contentPatternTop.html]
[demo.themeum.com/html/triangle/images/prettyPhoto/facebook/contentPatternLeft.html]
[demo.themeum.com/html/triangle/images/prettyPhoto/facebook/contentPatternRight.html]
[demo.themeum.com/html/triangle/images/prettyPhoto/facebook/loader.html]
[demo.themeum.com/html/triangle/images/prettyPhoto/facebook/btnNext.html]
[demo.themeum.com/html/triangle/images/prettyPhoto/facebook/btnPrevious.html]
[demo.themeum.com/html/triangle/images/prettyPhoto/facebook/contentPatternBottom.html]
[demo.themeum.com/html/triangle/images/prettyPhoto/facebook/default_thumbnail.html]
[demo.themeum.com/html/triangle/images/prettyPhoto/light_rounded/loader.html]
[demo.themeum.com/html/triangle/multicolor/images/prettyPhoto/default/sprite.html]
[demo.themeum.com/html/triangle/multicolor/images/prettyPhoto/default/sprite_x.html]
[demo.themeum.com/html/triangle/multicolor/images/prettyPhoto/default/sprite_y.html]
[demo.themeum.com/html/triangle/multicolor/images/prettyPhoto/default/sprite_next.html]
[demo.themeum.com/html/triangle/multicolor/images/prettyPhoto/default/sprite_prev.html]
[demo.themeum.com/html/triangle/multicolor/images/prettyPhoto/default/default_thumb.html]
[demo.themeum.com/html/triangle/multicolor/images/prettyPhoto/default/loader.html]
[demo.themeum.com/html/triangle/multicolor/images/prettyPhoto/light_rounded/sprite.html]
[demo.themeum.com/html/triangle/multicolor/images/prettyPhoto/light_rounded/btnNext.html]
[demo.themeum.com/html/triangle/multicolor/images/prettyPhoto/light_rounded/btnPrevious.html]
[demo.themeum.com/html/triangle/multicolor/images/prettyPhoto/dark_rounded/sprite.html]
[demo.themeum.com/html/triangle/multicolor/images/prettyPhoto/dark_rounded/contentPattern.html]
[demo.themeum.com/html/triangle/multicolor/images/prettyPhoto/dark_rounded/btnNext.html]
[demo.themeum.com/html/triangle/multicolor/images/prettyPhoto/dark_rounded/btnPrevious.html]
[demo.themeum.com/html/triangle/multicolor/images/prettyPhoto/dark_rounded/loader.html]
[demo.themeum.com/html/triangle/multicolor/images/prettyPhoto/dark_square/loader.html]
[demo.themeum.com/html/triangle/multicolor/images/prettyPhoto/dark_square/sprite.html]
[demo.themeum.com/html/triangle/multicolor/images/prettyPhoto/dark_square/btnNext.html]
[demo.themeum.com/html/triangle/multicolor/images/prettyPhoto/dark_square/btnPrevious.html]
[demo.themeum.com/html/triangle/multicolor/images/prettyPhoto/light_square/sprite.html]
[demo.themeum.com/html/triangle/multicolor/images/prettyPhoto/light_square/btnNext.html]
[demo.themeum.com/html/triangle/multicolor/images/prettyPhoto/light_square/btnPrevious.html]
[demo.themeum.com/html/triangle/multicolor/images/prettyPhoto/facebook/sprite.html]
[demo.themeum.com/html/triangle/multicolor/images/prettyPhoto/facebook/contentPatternTop.html]
[demo.themeum.com/html/triangle/multicolor/images/prettyPhoto/facebook/contentPatternLeft.html]
[demo.themeum.com/html/triangle/multicolor/images/prettyPhoto/facebook/contentPatternRight.html]
[demo.themeum.com/html/triangle/multicolor/images/prettyPhoto/facebook/loader.html]
[demo.themeum.com/html/triangle/multicolor/images/prettyPhoto/facebook/btnNext.html]
[demo.themeum.com/html/triangle/multicolor/images/prettyPhoto/facebook/btnPrevious.html]
[demo.themeum.com/html/triangle/multicolor/images/prettyPhoto/facebook/contentPatternBottom.html]
[demo.themeum.com/html/triangle/multicolor/images/prettyPhoto/facebook/default_thumbnail.html]
[demo.themeum.com/html/triangle/multicolor/images/prettyPhoto/light_rounded/loader.html]
